// Jest Snapshot v1, https://goo.gl/fbAQLP

exports[`test APIComponent component creates a snapshot 1`] = `
<DocumentFragment>
  <div />
</DocumentFragment>
`;
