// Jest Snapshot v1, https://goo.gl/fbAQLP

exports[`test ButtonWrapper component creates a snapshot 1`] = `
<DocumentFragment>
  <button>
    Add Item
  </button>
</DocumentFragment>
`;
