// Jest Snapshot v1, https://goo.gl/fbAQLP

exports[`test Person component creates a snapshot 1`] = `
<DocumentFragment>
  <div
    role="contentinfo"
  >
    Name is Jack
  </div>
</DocumentFragment>
`;
